REPORT
MOVE
MOVE
LEFT
MOVE
PLACE 1,2,EAST
MOVE
MOVE
LEFT
MOVE
REPORT

MOVE

REPORT
LEFT
MOVE

REPORT

PLACE 0,0,NORTH
MOVE
REPORT

PLACE 0,0,NORTH
LEFT
REPORT

PLACE 1,2,EAST
MOVE
MOVE
LEFT
MOVE
REPORT

MOVE
REPORT

MOVE
MOVE
LEFT
RIGHT
MOVE
REPORT

MOVE

REPORT
LEFT
REPORT
LEFT

PLACE


PLACE 1,2,EAST
REPORT

MOVE
REPORT

MOVE
LEFT

PLACE


PLACE 1,2,EAST
REPORT

MOVE
REPORT

MOVE
REPORT
REPORT

LEFT
MOVE
REPORT
LEFT


PLACE 1,2,EAST
REPORT

MOVE
REPORT

MOVE
REPORT
MOVE
REPORT

MOVE
REPORT

MOVE

REPORT

PLACE 5,4,EAST
REPORT
MOVE
REPORT

MOVE
REPORT

MOVE
MOVE
LEFT
RIGHT
MOVE
REPORT

MOVE

REPORT

EXIT